// Jest Snapshot v1, https://goo.gl/fbAQLP

exports[`Pruebas en <GiftItem /> Debe hacer match con el Snapshoot  1`] = `
<div>
  <div
    class="card"
  >
    <img
      alt="Un titulo"
      src="https://localhost/algo.jpg"
    />
    <p>
      Un titulo
    </p>
  </div>
</div>
`;
